1
10
13
0
1
11
13
1
1
12
13
2
12
1
12
0
12
2
2
2
999999
